
> condominio-mobile@0.1.0 web
> expo start --web

env: load .env
env: export EXPO_PUBLIC_API_URL
Starting project at C:\Users\saulo\OneDrive\Documentos\projetos\APP COND\externals\mobile
Starting Metro Bundler
Waiting on http://localhost:8081
Logs for your project will appear below.
Web node_modules\expo\AppEntry.js ░░░░░░░░░░░░░░░░  0.0% (0/1)
Web Bundled 999ms node_modules\expo\AppEntry.js (388 modules)
 LOG  [web] Logs will appear in the browser console
Web node_modules\expo\AppEntry.js ░░░░░░░░░░░░░░░░  0.0% (0/1)
Web Bundled 50ms node_modules\expo\AppEntry.js (1 module)
 LOG  [web] Logs will appear in the browser console
Web node_modules\expo\AppEntry.js ░░░░░░░░░░░░░░░░  0.0% (0/1)
Web Bundled 60ms node_modules\expo\AppEntry.js (1 module)
Web node_modules\expo\AppEntry.js ░░░░░░░░░░░░░░░░  0.0% (0/1)
Web Bundled 52ms node_modules\expo\AppEntry.js (1 module)
 LOG  [web] Logs will appear in the browser console
Web node_modules\expo\AppEntry.js ░░░░░░░░░░░░░░░░  0.0% (0/1)
Web Bundled 50ms node_modules\expo\AppEntry.js (1 module)
 LOG  [web] Logs will appear in the browser console
 ERROR  SyntaxError: C:\Users\saulo\OneDrive\Documentos\projetos\APP COND\externals\mobile\src\screens\Units.tsx: Unexpected token, expected "," (14:1323)

  12 | <View style={s.forms}><Panel><Text style={s.heading}>Novo bloco</Text><TextInput placeholder="Nome do bloco" value={blockName} onChangeText={setBlockName} style={s.input}/><AppButton title="Cadastrar bloco" onPress={createBlock} disabled={loading||!blockName.trim()}/></Panel><Panel><Text style={s.heading}>Novo apartamento</Text><Text style={s.label}>Bloco</Text><View style={s.options}>{blocks.map(b=><Pressable key={b.id} onPress={()=>setBlockId(b.id)} style={[s.option,blockId===b.id&&s.on]}><Text style={[s.optionText,blockId===b.id&&s.onText]}>{b.name}</Text></Pressable>)}</View><TextInput placeholder="Número do apartamento" value={number} onChangeText={setNumber} style={s.input}/><Text style={s.label}>Tipologia</Text><View style={s.options}>{types.map(t=><Pressable key={t.id} onPress={()=>setTypeId(t.id)} style={[s.option,typeId===t.id&&s.on]}><Text style={[s.optionText,typeId===t.id&&s.onText]}>{t.name}</Text></Pressable>)}</View><AppButton title="Cadastrar apartamento" onPress={createUnit} disabled={loading||!blockId||!number.trim()}/></Panel></View>{error?<Text style={s.error}>{error}</Text>:null}{notice?<Text style={s.notice}>{notice}</Text>:null}
  13 | <View style={s.header}><Text style={s.heading}>Unidades cadastradas</Text><Text style={s.count}>{units.length}</Text></View>{!units.length?<EmptyState title="Nenhuma unidade" description="Cadastre um bloco e seu primeiro apartamento."/>:<View style={s.list}>{units.map(u=><View key={u.id} style={s.card}><Text style={s.cardTitle}>{u.block_name} · Apartamento {u.number}</Text><Text style={s.meta}>{u.unit_type_name||'Sem tipologia'} · {u.residents.length} morador(es)</Text><Text style={s.rep}>Representante atual: {u.representative_name||'não definido'}</Text>{u.residents.map(r=><Pressable key={r.user_id} onPress={()=>representative(u.id,r.user_id)} style={[s.resident,r.is_representative&&s.residentOn]}><Text style={s.residentName}>{r.full_name||'Sem nome'}{r.is_representative?' · Representante':''}</Text><Text style={s.meta}>{r.cpf||'CPF não informado'} · {r.role}</Text></Pressable>)}</View>)}</View>}</ScrollView></ResponsiveShell>}
> 14 | const s=StyleSheet.create({container:{width:'100%',maxWidth:1180,alignSelf:'center',padding:24,paddingBottom:40},eyebrow:{color:colors.teal,fontWeight:'900',marginBottom:6},title:{color:colors.ink,fontSize:28,fontWeight:'900'},subtitle:{color:colors.muted,fontSize:15,lineHeight:22,marginTop:6,marginBottom:18},forms:{gap:14},heading:{color:colors.ink,fontSize:17,fontWeight:'900',marginBottom:10},label:{color:colors.ink,fontWeight:'800',marginBottom:7},input:{minHeight:46,borderWidth:1,borderColor:colors.border,borderRadius:9,paddingHorizontal:12,marginBottom:10},options:{flexDirection:'row',flexWrap:'wrap',gap:7,marginBottom:10},option:{borderWidth:1,borderColor:colors.border,borderRadius:8,paddingHorizontal:10,paddingVertical:8},on:{backgroundColor:colors.primary,borderColor:colors.primary},optionText:{color:colors.muted,fontWeight:'800'},onText:{color:'#fff'},header:{flexDirection:'row',justifyContent:'space-between',marginTop:22},count:{color:colors.primary,fontWeight:'900'},list:{gap:10,marginTop:10},card:{backgroundColor:'#fff',borderWidth:1,borderColor:colors.border,borderRadius:10,padding:14},cardTitle:{color:colors.ink,fontWeight:'900',fontSize:16},meta:{color:colors.muted,fontSize:12,marginTop:4},rep:{color:colors.primaryDark,fontWeight:'800',marginTop:8,marginBottom:6},resident:{borderRadius:8;backgroundColor:'#f7f9fb',padding:10,marginTop:6},residentOn:{backgroundColor:colors.softBlue,borderWidth:1,borderColor:colors.primary},residentName:{color:colors.ink,fontWeight:'800'},error:{color:colors.red,marginTop:12},notice:{color:colors.green,fontWeight:'800',marginTop:12}});
     |                                                                                                                                                                                                                                                                                                                                                                                                                                                                                                                                                                                                                                                                                                                                                                                                                                                                                                                                                                                                                                                                                                                                                                                                                                                                                                                                                                            ^
  15 |
    at constructor (C:\Users\saulo\OneDrive\Documentos\projetos\APP COND\externals\mobile\node_modules\@babel\parser\lib\index.js:365:19)
    at TypeScriptParserMixin.raise (C:\Users\saulo\OneDrive\Documentos\projetos\APP COND\externals\mobile\node_modules\@babel\parser\lib\index.js:6616:19)
    at TypeScriptParserMixin.unexpected (C:\Users\saulo\OneDrive\Documentos\projetos\APP COND\externals\mobile\node_modules\@babel\parser\lib\index.js:6636:16)
    at TypeScriptParserMixin.expect (C:\Users\saulo\OneDrive\Documentos\projetos\APP COND\externals\mobile\node_modules\@babel\parser\lib\index.js:6916:12)
    at TypeScriptParserMixin.parseObjectLike (C:\Users\saulo\OneDrive\Documentos\projetos\APP COND\externals\mobile\node_modules\@babel\parser\lib\index.js:11839:14)
    at TypeScriptParserMixin.parseExprAtom (C:\Users\saulo\OneDrive\Documentos\projetos\APP COND\externals\mobile\node_modules\@babel\parser\lib\index.js:11356:23)
    at TypeScriptParserMixin.parseExprAtom (C:\Users\saulo\OneDrive\Documentos\projetos\APP COND\externals\mobile\node_modules\@babel\parser\lib\index.js:4776:20)
    at TypeScriptParserMixin.parseExprSubscripts (C:\Users\saulo\OneDrive\Documentos\projetos\APP COND\externals\mobile\node_modules\@babel\parser\lib\index.js:11098:23)
    at TypeScriptParserMixin.parseUpdate (C:\Users\saulo\OneDrive\Documentos\projetos\APP COND\externals\mobile\node_modules\@babel\parser\lib\index.js:11083:21)
    at TypeScriptParserMixin.parseMaybeUnary (C:\Users\saulo\OneDrive\Documentos\projetos\APP COND\externals\mobile\node_modules\@babel\parser\lib\index.js:11063:23)
    at TypeScriptParserMixin.parseMaybeUnary (C:\Users\saulo\OneDrive\Documentos\projetos\APP COND\externals\mobile\node_modules\@babel\parser\lib\index.js:9854:18)
    at TypeScriptParserMixin.parseMaybeUnaryOrPrivate (C:\Users\saulo\OneDrive\Documentos\projetos\APP COND\externals\mobile\node_modules\@babel\parser\lib\index.js:10916:61)
    at TypeScriptParserMixin.parseExprOps (C:\Users\saulo\OneDrive\Documentos\projetos\APP COND\externals\mobile\node_modules\@babel\parser\lib\index.js:10921:23)
    at TypeScriptParserMixin.parseMaybeConditional (C:\Users\saulo\OneDrive\Documentos\projetos\APP COND\externals\mobile\node_modules\@babel\parser\lib\index.js:10898:23)
    at TypeScriptParserMixin.parseMaybeAssign (C:\Users\saulo\OneDrive\Documentos\projetos\APP COND\externals\mobile\node_modules\@babel\parser\lib\index.js:10848:21)
    at TypeScriptParserMixin.parseMaybeAssign (C:\Users\saulo\OneDrive\Documentos\projetos\APP COND\externals\mobile\node_modules\@babel\parser\lib\index.js:9803:20)
    at C:\Users\saulo\OneDrive\Documentos\projetos\APP COND\externals\mobile\node_modules\@babel\parser\lib\index.js:10817:39
    at TypeScriptParserMixin.allowInAnd (C:\Users\saulo\OneDrive\Documentos\projetos\APP COND\externals\mobile\node_modules\@babel\parser\lib\index.js:12443:12)
    at TypeScriptParserMixin.parseMaybeAssignAllowIn (C:\Users\saulo\OneDrive\Documentos\projetos\APP COND\externals\mobile\node_modules\@babel\parser\lib\index.js:10817:17)
    at TypeScriptParserMixin.parseMaybeAssignAllowInOrVoidPattern (C:\Users\saulo\OneDrive\Documentos\projetos\APP COND\externals\mobile\node_modules\@babel\parser\lib\index.js:12510:17)
    at TypeScriptParserMixin.parseObjectProperty (C:\Users\saulo\OneDrive\Documentos\projetos\APP COND\externals\mobile\node_modules\@babel\parser\lib\index.js:11967:83)
    at TypeScriptParserMixin.parseObjPropValue (C:\Users\saulo\OneDrive\Documentos\projetos\APP COND\externals\mobile\node_modules\@babel\parser\lib\index.js:11995:100)
    at TypeScriptParserMixin.parseObjPropValue (C:\Users\saulo\OneDrive\Documentos\projetos\APP COND\externals\mobile\node_modules\@babel\parser\lib\index.js:9761:18)
    at TypeScriptParserMixin.parsePropertyDefinition (C:\Users\saulo\OneDrive\Documentos\projetos\APP COND\externals\mobile\node_modules\@babel\parser\lib\index.js:11932:17)
    at TypeScriptParserMixin.parseObjectLike (C:\Users\saulo\OneDrive\Documentos\projetos\APP COND\externals\mobile\node_modules\@babel\parser\lib\index.js:11849:21)
    at TypeScriptParserMixin.parseExprAtom (C:\Users\saulo\OneDrive\Documentos\projetos\APP COND\externals\mobile\node_modules\@babel\parser\lib\index.js:11356:23)
    at TypeScriptParserMixin.parseExprAtom (C:\Users\saulo\OneDrive\Documentos\projetos\APP COND\externals\mobile\node_modules\@babel\parser\lib\index.js:4776:20)
    at TypeScriptParserMixin.parseExprSubscripts (C:\Users\saulo\OneDrive\Documentos\projetos\APP COND\externals\mobile\node_modules\@babel\parser\lib\index.js:11098:23)
    at TypeScriptParserMixin.parseUpdate (C:\Users\saulo\OneDrive\Documentos\projetos\APP COND\externals\mobile\node_modules\@babel\parser\lib\index.js:11083:21)
    at TypeScriptParserMixin.parseMaybeUnary (C:\Users\saulo\OneDrive\Documentos\projetos\APP COND\externals\mobile\node_modules\@babel\parser\lib\index.js:11063:23)
    at TypeScriptParserMixin.parseMaybeUnary (C:\Users\saulo\OneDrive\Documentos\projetos\APP COND\externals\mobile\node_modules\@babel\parser\lib\index.js:9854:18)
    at TypeScriptParserMixin.parseMaybeUnaryOrPrivate (C:\Users\saulo\OneDrive\Documentos\projetos\APP COND\externals\mobile\node_modules\@babel\parser\lib\index.js:10916:61)
    at TypeScriptParserMixin.parseExprOps (C:\Users\saulo\OneDrive\Documentos\projetos\APP COND\externals\mobile\node_modules\@babel\parser\lib\index.js:10921:23)
    at TypeScriptParserMixin.parseMaybeConditional (C:\Users\saulo\OneDrive\Documentos\projetos\APP COND\externals\mobile\node_modules\@babel\parser\lib\index.js:10898:23)
    at TypeScriptParserMixin.parseMaybeAssign (C:\Users\saulo\OneDrive\Documentos\projetos\APP COND\externals\mobile\node_modules\@babel\parser\lib\index.js:10848:21)
    at TypeScriptParserMixin.parseMaybeAssign (C:\Users\saulo\OneDrive\Documentos\projetos\APP COND\externals\mobile\node_modules\@babel\parser\lib\index.js:9803:20)
    at C:\Users\saulo\OneDrive\Documentos\projetos\APP COND\externals\mobile\node_modules\@babel\parser\lib\index.js:10817:39
    at TypeScriptParserMixin.allowInAnd (C:\Users\saulo\OneDrive\Documentos\projetos\APP COND\externals\mobile\node_modules\@babel\parser\lib\index.js:12443:12)
    at TypeScriptParserMixin.parseMaybeAssignAllowIn (C:\Users\saulo\OneDrive\Documentos\projetos\APP COND\externals\mobile\node_modules\@babel\parser\lib\index.js:10817:17)
    at TypeScriptParserMixin.parseMaybeAssignAllowInOrVoidPattern (C:\Users\saulo\OneDrive\Documentos\projetos\APP COND\externals\mobile\node_modules\@babel\parser\lib\index.js:12510:17)
    at TypeScriptParserMixin.parseExprListItem (C:\Users\saulo\OneDrive\Documentos\projetos\APP COND\externals\mobile\node_modules\@babel\parser\lib\index.js:12192:18)
    at TypeScriptParserMixin.parseCallExpressionArguments (C:\Users\saulo\OneDrive\Documentos\projetos\APP COND\externals\mobile\node_modules\@babel\parser\lib\index.js:11269:22)
    at TypeScriptParserMixin.parseCoverCallAndAsyncArrowHead (C:\Users\saulo\OneDrive\Documentos\projetos\APP COND\externals\mobile\node_modules\@babel\parser\lib\index.js:11203:29)
    at TypeScriptParserMixin.parseSubscript (C:\Users\saulo\OneDrive\Documentos\projetos\APP COND\externals\mobile\node_modules\@babel\parser\lib\index.js:11137:19)
    at TypeScriptParserMixin.parseSubscript (C:\Users\saulo\OneDrive\Documentos\projetos\APP COND\externals\mobile\node_modules\@babel\parser\lib\index.js:9289:18)
    at TypeScriptParserMixin.parseSubscripts (C:\Users\saulo\OneDrive\Documentos\projetos\APP COND\externals\mobile\node_modules\@babel\parser\lib\index.js:11111:19)
    at TypeScriptParserMixin.parseExprSubscripts (C:\Users\saulo\OneDrive\Documentos\projetos\APP COND\externals\mobile\node_modules\@babel\parser\lib\index.js:11102:17)
    at TypeScriptParserMixin.parseUpdate (C:\Users\saulo\OneDrive\Documentos\projetos\APP COND\externals\mobile\node_modules\@babel\parser\lib\index.js:11083:21)
    at TypeScriptParserMixin.parseMaybeUnary (C:\Users\saulo\OneDrive\Documentos\projetos\APP COND\externals\mobile\node_modules\@babel\parser\lib\index.js:11063:23)
    at TypeScriptParserMixin.parseMaybeUnary (C:\Users\saulo\OneDrive\Documentos\projetos\APP COND\externals\mobile\node_modules\@babel\parser\lib\index.js:9854:18)
 ERROR  SyntaxError: C:\Users\saulo\OneDrive\Documentos\projetos\APP COND\externals\mobile\src\screens\Units.tsx: Unexpected token, expected "," (14:1323)

  12 | <View style={s.forms}><Panel><Text style={s.heading}>Novo bloco</Text><TextInput placeholder="Nome do bloco" value={blockName} onChangeText={setBlockName} style={s.input}/><AppButton title="Cadastrar bloco" onPress={createBlock} disabled={loading||!blockName.trim()}/></Panel><Panel><Text style={s.heading}>Novo apartamento</Text><Text style={s.label}>Bloco</Text><View style={s.options}>{blocks.map(b=><Pressable key={b.id} onPress={()=>setBlockId(b.id)} style={[s.option,blockId===b.id&&s.on]}><Text style={[s.optionText,blockId===b.id&&s.onText]}>{b.name}</Text></Pressable>)}</View><TextInput placeholder="Número do apartamento" value={number} onChangeText={setNumber} style={s.input}/><Text style={s.label}>Tipologia</Text><View style={s.options}>{types.map(t=><Pressable key={t.id} onPress={()=>setTypeId(t.id)} style={[s.option,typeId===t.id&&s.on]}><Text style={[s.optionText,typeId===t.id&&s.onText]}>{t.name}</Text></Pressable>)}</View><AppButton title="Cadastrar apartamento" onPress={createUnit} disabled={loading||!blockId||!number.trim()}/></Panel></View>{error?<Text style={s.error}>{error}</Text>:null}{notice?<Text style={s.notice}>{notice}</Text>:null}
  13 | <View style={s.header}><Text style={s.heading}>Unidades cadastradas</Text><Text style={s.count}>{units.length}</Text></View>{!units.length?<EmptyState title="Nenhuma unidade" description="Cadastre um bloco e seu primeiro apartamento."/>:<View style={s.list}>{units.map(u=><View key={u.id} style={s.card}><Text style={s.cardTitle}>{u.block_name} · Apartamento {u.number}</Text><Text style={s.meta}>{u.unit_type_name||'Sem tipologia'} · {u.residents.length} morador(es)</Text><Text style={s.rep}>Representante atual: {u.representative_name||'não definido'}</Text>{u.residents.map(r=><Pressable key={r.user_id} onPress={()=>representative(u.id,r.user_id)} style={[s.resident,r.is_representative&&s.residentOn]}><Text style={s.residentName}>{r.full_name||'Sem nome'}{r.is_representative?' · Representante':''}</Text><Text style={s.meta}>{r.cpf||'CPF não informado'} · {r.role}</Text></Pressable>)}</View>)}</View>}</ScrollView></ResponsiveShell>}
> 14 | const s=StyleSheet.create({container:{width:'100%',maxWidth:1180,alignSelf:'center',padding:24,paddingBottom:40},eyebrow:{color:colors.teal,fontWeight:'900',marginBottom:6},title:{color:colors.ink,fontSize:28,fontWeight:'900'},subtitle:{color:colors.muted,fontSize:15,lineHeight:22,marginTop:6,marginBottom:18},forms:{gap:14},heading:{color:colors.ink,fontSize:17,fontWeight:'900',marginBottom:10},label:{color:colors.ink,fontWeight:'800',marginBottom:7},input:{minHeight:46,borderWidth:1,borderColor:colors.border,borderRadius:9,paddingHorizontal:12,marginBottom:10},options:{flexDirection:'row',flexWrap:'wrap',gap:7,marginBottom:10},option:{borderWidth:1,borderColor:colors.border,borderRadius:8,paddingHorizontal:10,paddingVertical:8},on:{backgroundColor:colors.primary,borderColor:colors.primary},optionText:{color:colors.muted,fontWeight:'800'},onText:{color:'#fff'},header:{flexDirection:'row',justifyContent:'space-between',marginTop:22},count:{color:colors.primary,fontWeight:'900'},list:{gap:10,marginTop:10},card:{backgroundColor:'#fff',borderWidth:1,borderColor:colors.border,borderRadius:10,padding:14},cardTitle:{color:colors.ink,fontWeight:'900',fontSize:16},meta:{color:colors.muted,fontSize:12,marginTop:4},rep:{color:colors.primaryDark,fontWeight:'800',marginTop:8,marginBottom:6},resident:{borderRadius:8;backgroundColor:'#f7f9fb',padding:10,marginTop:6},residentOn:{backgroundColor:colors.softBlue,borderWidth:1,borderColor:colors.primary},residentName:{color:colors.ink,fontWeight:'800'},error:{color:colors.red,marginTop:12},notice:{color:colors.green,fontWeight:'800',marginTop:12}});
     |                                                                                                                                                                                                                                                                                                                                                                                                                                                                                                                                                                                                                                                                                                                                                                                                                                                                                                                                                                                                                                                                                                                                                                                                                                                                                                                                                                            ^
  15 |
    at constructor (C:\Users\saulo\OneDrive\Documentos\projetos\APP COND\externals\mobile\node_modules\@babel\parser\lib\index.js:365:19)
    at TypeScriptParserMixin.raise (C:\Users\saulo\OneDrive\Documentos\projetos\APP COND\externals\mobile\node_modules\@babel\parser\lib\index.js:6616:19)
    at TypeScriptParserMixin.unexpected (C:\Users\saulo\OneDrive\Documentos\projetos\APP COND\externals\mobile\node_modules\@babel\parser\lib\index.js:6636:16)
    at TypeScriptParserMixin.expect (C:\Users\saulo\OneDrive\Documentos\projetos\APP COND\externals\mobile\node_modules\@babel\parser\lib\index.js:6916:12)
    at TypeScriptParserMixin.parseObjectLike (C:\Users\saulo\OneDrive\Documentos\projetos\APP COND\externals\mobile\node_modules\@babel\parser\lib\index.js:11839:14)
    at TypeScriptParserMixin.parseExprAtom (C:\Users\saulo\OneDrive\Documentos\projetos\APP COND\externals\mobile\node_modules\@babel\parser\lib\index.js:11356:23)
    at TypeScriptParserMixin.parseExprAtom (C:\Users\saulo\OneDrive\Documentos\projetos\APP COND\externals\mobile\node_modules\@babel\parser\lib\index.js:4776:20)
    at TypeScriptParserMixin.parseExprSubscripts (C:\Users\saulo\OneDrive\Documentos\projetos\APP COND\externals\mobile\node_modules\@babel\parser\lib\index.js:11098:23)
    at TypeScriptParserMixin.parseUpdate (C:\Users\saulo\OneDrive\Documentos\projetos\APP COND\externals\mobile\node_modules\@babel\parser\lib\index.js:11083:21)
    at TypeScriptParserMixin.parseMaybeUnary (C:\Users\saulo\OneDrive\Documentos\projetos\APP COND\externals\mobile\node_modules\@babel\parser\lib\index.js:11063:23)
    at TypeScriptParserMixin.parseMaybeUnary (C:\Users\saulo\OneDrive\Documentos\projetos\APP COND\externals\mobile\node_modules\@babel\parser\lib\index.js:9854:18)
    at TypeScriptParserMixin.parseMaybeUnaryOrPrivate (C:\Users\saulo\OneDrive\Documentos\projetos\APP COND\externals\mobile\node_modules\@babel\parser\lib\index.js:10916:61)
    at TypeScriptParserMixin.parseExprOps (C:\Users\saulo\OneDrive\Documentos\projetos\APP COND\externals\mobile\node_modules\@babel\parser\lib\index.js:10921:23)
    at TypeScriptParserMixin.parseMaybeConditional (C:\Users\saulo\OneDrive\Documentos\projetos\APP COND\externals\mobile\node_modules\@babel\parser\lib\index.js:10898:23)
    at TypeScriptParserMixin.parseMaybeAssign (C:\Users\saulo\OneDrive\Documentos\projetos\APP COND\externals\mobile\node_modules\@babel\parser\lib\index.js:10848:21)
    at TypeScriptParserMixin.parseMaybeAssign (C:\Users\saulo\OneDrive\Documentos\projetos\APP COND\externals\mobile\node_modules\@babel\parser\lib\index.js:9803:20)
    at C:\Users\saulo\OneDrive\Documentos\projetos\APP COND\externals\mobile\node_modules\@babel\parser\lib\index.js:10817:39
    at TypeScriptParserMixin.allowInAnd (C:\Users\saulo\OneDrive\Documentos\projetos\APP COND\externals\mobile\node_modules\@babel\parser\lib\index.js:12443:12)
    at TypeScriptParserMixin.parseMaybeAssignAllowIn (C:\Users\saulo\OneDrive\Documentos\projetos\APP COND\externals\mobile\node_modules\@babel\parser\lib\index.js:10817:17)
    at TypeScriptParserMixin.parseMaybeAssignAllowInOrVoidPattern (C:\Users\saulo\OneDrive\Documentos\projetos\APP COND\externals\mobile\node_modules\@babel\parser\lib\index.js:12510:17)
    at TypeScriptParserMixin.parseObjectProperty (C:\Users\saulo\OneDrive\Documentos\projetos\APP COND\externals\mobile\node_modules\@babel\parser\lib\index.js:11967:83)
    at TypeScriptParserMixin.parseObjPropValue (C:\Users\saulo\OneDrive\Documentos\projetos\APP COND\externals\mobile\node_modules\@babel\parser\lib\index.js:11995:100)
    at TypeScriptParserMixin.parseObjPropValue (C:\Users\saulo\OneDrive\Documentos\projetos\APP COND\externals\mobile\node_modules\@babel\parser\lib\index.js:9761:18)
    at TypeScriptParserMixin.parsePropertyDefinition (C:\Users\saulo\OneDrive\Documentos\projetos\APP COND\externals\mobile\node_modules\@babel\parser\lib\index.js:11932:17)
    at TypeScriptParserMixin.parseObjectLike (C:\Users\saulo\OneDrive\Documentos\projetos\APP COND\externals\mobile\node_modules\@babel\parser\lib\index.js:11849:21)
    at TypeScriptParserMixin.parseExprAtom (C:\Users\saulo\OneDrive\Documentos\projetos\APP COND\externals\mobile\node_modules\@babel\parser\lib\index.js:11356:23)
    at TypeScriptParserMixin.parseExprAtom (C:\Users\saulo\OneDrive\Documentos\projetos\APP COND\externals\mobile\node_modules\@babel\parser\lib\index.js:4776:20)
    at TypeScriptParserMixin.parseExprSubscripts (C:\Users\saulo\OneDrive\Documentos\projetos\APP COND\externals\mobile\node_modules\@babel\parser\lib\index.js:11098:23)
    at TypeScriptParserMixin.parseUpdate (C:\Users\saulo\OneDrive\Documentos\projetos\APP COND\externals\mobile\node_modules\@babel\parser\lib\index.js:11083:21)
    at TypeScriptParserMixin.parseMaybeUnary (C:\Users\saulo\OneDrive\Documentos\projetos\APP COND\externals\mobile\node_modules\@babel\parser\lib\index.js:11063:23)
    at TypeScriptParserMixin.parseMaybeUnary (C:\Users\saulo\OneDrive\Documentos\projetos\APP COND\externals\mobile\node_modules\@babel\parser\lib\index.js:9854:18)
    at TypeScriptParserMixin.parseMaybeUnaryOrPrivate (C:\Users\saulo\OneDrive\Documentos\projetos\APP COND\externals\mobile\node_modules\@babel\parser\lib\index.js:10916:61)
    at TypeScriptParserMixin.parseExprOps (C:\Users\saulo\OneDrive\Documentos\projetos\APP COND\externals\mobile\node_modules\@babel\parser\lib\index.js:10921:23)
    at TypeScriptParserMixin.parseMaybeConditional (C:\Users\saulo\OneDrive\Documentos\projetos\APP COND\externals\mobile\node_modules\@babel\parser\lib\index.js:10898:23)
    at TypeScriptParserMixin.parseMaybeAssign (C:\Users\saulo\OneDrive\Documentos\projetos\APP COND\externals\mobile\node_modules\@babel\parser\lib\index.js:10848:21)
    at TypeScriptParserMixin.parseMaybeAssign (C:\Users\saulo\OneDrive\Documentos\projetos\APP COND\externals\mobile\node_modules\@babel\parser\lib\index.js:9803:20)
    at C:\Users\saulo\OneDrive\Documentos\projetos\APP COND\externals\mobile\node_modules\@babel\parser\lib\index.js:10817:39
    at TypeScriptParserMixin.allowInAnd (C:\Users\saulo\OneDrive\Documentos\projetos\APP COND\externals\mobile\node_modules\@babel\parser\lib\index.js:12443:12)
    at TypeScriptParserMixin.parseMaybeAssignAllowIn (C:\Users\saulo\OneDrive\Documentos\projetos\APP COND\externals\mobile\node_modules\@babel\parser\lib\index.js:10817:17)
    at TypeScriptParserMixin.parseMaybeAssignAllowInOrVoidPattern (C:\Users\saulo\OneDrive\Documentos\projetos\APP COND\externals\mobile\node_modules\@babel\parser\lib\index.js:12510:17)
    at TypeScriptParserMixin.parseExprListItem (C:\Users\saulo\OneDrive\Documentos\projetos\APP COND\externals\mobile\node_modules\@babel\parser\lib\index.js:12192:18)
    at TypeScriptParserMixin.parseCallExpressionArguments (C:\Users\saulo\OneDrive\Documentos\projetos\APP COND\externals\mobile\node_modules\@babel\parser\lib\index.js:11269:22)
    at TypeScriptParserMixin.parseCoverCallAndAsyncArrowHead (C:\Users\saulo\OneDrive\Documentos\projetos\APP COND\externals\mobile\node_modules\@babel\parser\lib\index.js:11203:29)
    at TypeScriptParserMixin.parseSubscript (C:\Users\saulo\OneDrive\Documentos\projetos\APP COND\externals\mobile\node_modules\@babel\parser\lib\index.js:11137:19)
    at TypeScriptParserMixin.parseSubscript (C:\Users\saulo\OneDrive\Documentos\projetos\APP COND\externals\mobile\node_modules\@babel\parser\lib\index.js:9289:18)
    at TypeScriptParserMixin.parseSubscripts (C:\Users\saulo\OneDrive\Documentos\projetos\APP COND\externals\mobile\node_modules\@babel\parser\lib\index.js:11111:19)
    at TypeScriptParserMixin.parseExprSubscripts (C:\Users\saulo\OneDrive\Documentos\projetos\APP COND\externals\mobile\node_modules\@babel\parser\lib\index.js:11102:17)
    at TypeScriptParserMixin.parseUpdate (C:\Users\saulo\OneDrive\Documentos\projetos\APP COND\externals\mobile\node_modules\@babel\parser\lib\index.js:11083:21)
    at TypeScriptParserMixin.parseMaybeUnary (C:\Users\saulo\OneDrive\Documentos\projetos\APP COND\externals\mobile\node_modules\@babel\parser\lib\index.js:11063:23)
    at TypeScriptParserMixin.parseMaybeUnary (C:\Users\saulo\OneDrive\Documentos\projetos\APP COND\externals\mobile\node_modules\@babel\parser\lib\index.js:9854:18)
 ERROR  SyntaxError: C:\Users\saulo\OneDrive\Documentos\projetos\APP COND\externals\mobile\src\screens\Units.tsx: Unexpected token, expected "," (14:1323)

  12 | <View style={s.forms}><Panel><Text style={s.heading}>Novo bloco</Text><TextInput placeholder="Nome do bloco" value={blockName} onChangeText={setBlockName} style={s.input}/><AppButton title="Cadastrar bloco" onPress={createBlock} disabled={loading||!blockName.trim()}/></Panel><Panel><Text style={s.heading}>Novo apartamento</Text><Text style={s.label}>Bloco</Text><View style={s.options}>{blocks.map(b=><Pressable key={b.id} onPress={()=>setBlockId(b.id)} style={[s.option,blockId===b.id&&s.on]}><Text style={[s.optionText,blockId===b.id&&s.onText]}>{b.name}</Text></Pressable>)}</View><TextInput placeholder="Número do apartamento" value={number} onChangeText={setNumber} style={s.input}/><Text style={s.label}>Tipologia</Text><View style={s.options}>{types.map(t=><Pressable key={t.id} onPress={()=>setTypeId(t.id)} style={[s.option,typeId===t.id&&s.on]}><Text style={[s.optionText,typeId===t.id&&s.onText]}>{t.name}</Text></Pressable>)}</View><AppButton title="Cadastrar apartamento" onPress={createUnit} disabled={loading||!blockId||!number.trim()}/></Panel></View>{error?<Text style={s.error}>{error}</Text>:null}{notice?<Text style={s.notice}>{notice}</Text>:null}
  13 | <View style={s.header}><Text style={s.heading}>Unidades cadastradas</Text><Text style={s.count}>{units.length}</Text></View>{!units.length?<EmptyState title="Nenhuma unidade" description="Cadastre um bloco e seu primeiro apartamento."/>:<View style={s.list}>{units.map(u=><View key={u.id} style={s.card}><Text style={s.cardTitle}>{u.block_name} · Apartamento {u.number}</Text><Text style={s.meta}>{u.unit_type_name||'Sem tipologia'} · {u.residents.length} morador(es)</Text><Text style={s.rep}>Representante atual: {u.representative_name||'não definido'}</Text>{u.residents.map(r=><Pressable key={r.user_id} onPress={()=>representative(u.id,r.user_id)} style={[s.resident,r.is_representative&&s.residentOn]}><Text style={s.residentName}>{r.full_name||'Sem nome'}{r.is_representative?' · Representante':''}</Text><Text style={s.meta}>{r.cpf||'CPF não informado'} · {r.role}</Text></Pressable>)}</View>)}</View>}</ScrollView></ResponsiveShell>}
> 14 | const s=StyleSheet.create({container:{width:'100%',maxWidth:1180,alignSelf:'center',padding:24,paddingBottom:40},eyebrow:{color:colors.teal,fontWeight:'900',marginBottom:6},title:{color:colors.ink,fontSize:28,fontWeight:'900'},subtitle:{color:colors.muted,fontSize:15,lineHeight:22,marginTop:6,marginBottom:18},forms:{gap:14},heading:{color:colors.ink,fontSize:17,fontWeight:'900',marginBottom:10},label:{color:colors.ink,fontWeight:'800',marginBottom:7},input:{minHeight:46,borderWidth:1,borderColor:colors.border,borderRadius:9,paddingHorizontal:12,marginBottom:10},options:{flexDirection:'row',flexWrap:'wrap',gap:7,marginBottom:10},option:{borderWidth:1,borderColor:colors.border,borderRadius:8,paddingHorizontal:10,paddingVertical:8},on:{backgroundColor:colors.primary,borderColor:colors.primary},optionText:{color:colors.muted,fontWeight:'800'},onText:{color:'#fff'},header:{flexDirection:'row',justifyContent:'space-between',marginTop:22},count:{color:colors.primary,fontWeight:'900'},list:{gap:10,marginTop:10},card:{backgroundColor:'#fff',borderWidth:1,borderColor:colors.border,borderRadius:10,padding:14},cardTitle:{color:colors.ink,fontWeight:'900',fontSize:16},meta:{color:colors.muted,fontSize:12,marginTop:4},rep:{color:colors.primaryDark,fontWeight:'800',marginTop:8,marginBottom:6},resident:{borderRadius:8;backgroundColor:'#f7f9fb',padding:10,marginTop:6},residentOn:{backgroundColor:colors.softBlue,borderWidth:1,borderColor:colors.primary},residentName:{color:colors.ink,fontWeight:'800'},error:{color:colors.red,marginTop:12},notice:{color:colors.green,fontWeight:'800',marginTop:12}});
     |                                                                                                                                                                                                                                                                                                                                                                                                                                                                                                                                                                                                                                                                                                                                                                                                                                                                                                                                                                                                                                                                                                                                                                                                                                                                                                                                                                            ^
  15 |
    at constructor (C:\Users\saulo\OneDrive\Documentos\projetos\APP COND\externals\mobile\node_modules\@babel\parser\lib\index.js:365:19)
    at TypeScriptParserMixin.raise (C:\Users\saulo\OneDrive\Documentos\projetos\APP COND\externals\mobile\node_modules\@babel\parser\lib\index.js:6616:19)
    at TypeScriptParserMixin.unexpected (C:\Users\saulo\OneDrive\Documentos\projetos\APP COND\externals\mobile\node_modules\@babel\parser\lib\index.js:6636:16)
    at TypeScriptParserMixin.expect (C:\Users\saulo\OneDrive\Documentos\projetos\APP COND\externals\mobile\node_modules\@babel\parser\lib\index.js:6916:12)
    at TypeScriptParserMixin.parseObjectLike (C:\Users\saulo\OneDrive\Documentos\projetos\APP COND\externals\mobile\node_modules\@babel\parser\lib\index.js:11839:14)
    at TypeScriptParserMixin.parseExprAtom (C:\Users\saulo\OneDrive\Documentos\projetos\APP COND\externals\mobile\node_modules\@babel\parser\lib\index.js:11356:23)
    at TypeScriptParserMixin.parseExprAtom (C:\Users\saulo\OneDrive\Documentos\projetos\APP COND\externals\mobile\node_modules\@babel\parser\lib\index.js:4776:20)
    at TypeScriptParserMixin.parseExprSubscripts (C:\Users\saulo\OneDrive\Documentos\projetos\APP COND\externals\mobile\node_modules\@babel\parser\lib\index.js:11098:23)
    at TypeScriptParserMixin.parseUpdate (C:\Users\saulo\OneDrive\Documentos\projetos\APP COND\externals\mobile\node_modules\@babel\parser\lib\index.js:11083:21)
    at TypeScriptParserMixin.parseMaybeUnary (C:\Users\saulo\OneDrive\Documentos\projetos\APP COND\externals\mobile\node_modules\@babel\parser\lib\index.js:11063:23)
    at TypeScriptParserMixin.parseMaybeUnary (C:\Users\saulo\OneDrive\Documentos\projetos\APP COND\externals\mobile\node_modules\@babel\parser\lib\index.js:9854:18)
    at TypeScriptParserMixin.parseMaybeUnaryOrPrivate (C:\Users\saulo\OneDrive\Documentos\projetos\APP COND\externals\mobile\node_modules\@babel\parser\lib\index.js:10916:61)
    at TypeScriptParserMixin.parseExprOps (C:\Users\saulo\OneDrive\Documentos\projetos\APP COND\externals\mobile\node_modules\@babel\parser\lib\index.js:10921:23)
    at TypeScriptParserMixin.parseMaybeConditional (C:\Users\saulo\OneDrive\Documentos\projetos\APP COND\externals\mobile\node_modules\@babel\parser\lib\index.js:10898:23)
    at TypeScriptParserMixin.parseMaybeAssign (C:\Users\saulo\OneDrive\Documentos\projetos\APP COND\externals\mobile\node_modules\@babel\parser\lib\index.js:10848:21)
    at TypeScriptParserMixin.parseMaybeAssign (C:\Users\saulo\OneDrive\Documentos\projetos\APP COND\externals\mobile\node_modules\@babel\parser\lib\index.js:9803:20)
    at C:\Users\saulo\OneDrive\Documentos\projetos\APP COND\externals\mobile\node_modules\@babel\parser\lib\index.js:10817:39
    at TypeScriptParserMixin.allowInAnd (C:\Users\saulo\OneDrive\Documentos\projetos\APP COND\externals\mobile\node_modules\@babel\parser\lib\index.js:12443:12)
    at TypeScriptParserMixin.parseMaybeAssignAllowIn (C:\Users\saulo\OneDrive\Documentos\projetos\APP COND\externals\mobile\node_modules\@babel\parser\lib\index.js:10817:17)
    at TypeScriptParserMixin.parseMaybeAssignAllowInOrVoidPattern (C:\Users\saulo\OneDrive\Documentos\projetos\APP COND\externals\mobile\node_modules\@babel\parser\lib\index.js:12510:17)
    at TypeScriptParserMixin.parseObjectProperty (C:\Users\saulo\OneDrive\Documentos\projetos\APP COND\externals\mobile\node_modules\@babel\parser\lib\index.js:11967:83)
    at TypeScriptParserMixin.parseObjPropValue (C:\Users\saulo\OneDrive\Documentos\projetos\APP COND\externals\mobile\node_modules\@babel\parser\lib\index.js:11995:100)
    at TypeScriptParserMixin.parseObjPropValue (C:\Users\saulo\OneDrive\Documentos\projetos\APP COND\externals\mobile\node_modules\@babel\parser\lib\index.js:9761:18)
    at TypeScriptParserMixin.parsePropertyDefinition (C:\Users\saulo\OneDrive\Documentos\projetos\APP COND\externals\mobile\node_modules\@babel\parser\lib\index.js:11932:17)
    at TypeScriptParserMixin.parseObjectLike (C:\Users\saulo\OneDrive\Documentos\projetos\APP COND\externals\mobile\node_modules\@babel\parser\lib\index.js:11849:21)
    at TypeScriptParserMixin.parseExprAtom (C:\Users\saulo\OneDrive\Documentos\projetos\APP COND\externals\mobile\node_modules\@babel\parser\lib\index.js:11356:23)
    at TypeScriptParserMixin.parseExprAtom (C:\Users\saulo\OneDrive\Documentos\projetos\APP COND\externals\mobile\node_modules\@babel\parser\lib\index.js:4776:20)
    at TypeScriptParserMixin.parseExprSubscripts (C:\Users\saulo\OneDrive\Documentos\projetos\APP COND\externals\mobile\node_modules\@babel\parser\lib\index.js:11098:23)
    at TypeScriptParserMixin.parseUpdate (C:\Users\saulo\OneDrive\Documentos\projetos\APP COND\externals\mobile\node_modules\@babel\parser\lib\index.js:11083:21)
    at TypeScriptParserMixin.parseMaybeUnary (C:\Users\saulo\OneDrive\Documentos\projetos\APP COND\externals\mobile\node_modules\@babel\parser\lib\index.js:11063:23)
    at TypeScriptParserMixin.parseMaybeUnary (C:\Users\saulo\OneDrive\Documentos\projetos\APP COND\externals\mobile\node_modules\@babel\parser\lib\index.js:9854:18)
    at TypeScriptParserMixin.parseMaybeUnaryOrPrivate (C:\Users\saulo\OneDrive\Documentos\projetos\APP COND\externals\mobile\node_modules\@babel\parser\lib\index.js:10916:61)
    at TypeScriptParserMixin.parseExprOps (C:\Users\saulo\OneDrive\Documentos\projetos\APP COND\externals\mobile\node_modules\@babel\parser\lib\index.js:10921:23)
    at TypeScriptParserMixin.parseMaybeConditional (C:\Users\saulo\OneDrive\Documentos\projetos\APP COND\externals\mobile\node_modules\@babel\parser\lib\index.js:10898:23)
    at TypeScriptParserMixin.parseMaybeAssign (C:\Users\saulo\OneDrive\Documentos\projetos\APP COND\externals\mobile\node_modules\@babel\parser\lib\index.js:10848:21)
    at TypeScriptParserMixin.parseMaybeAssign (C:\Users\saulo\OneDrive\Documentos\projetos\APP COND\externals\mobile\node_modules\@babel\parser\lib\index.js:9803:20)
    at C:\Users\saulo\OneDrive\Documentos\projetos\APP COND\externals\mobile\node_modules\@babel\parser\lib\index.js:10817:39
    at TypeScriptParserMixin.allowInAnd (C:\Users\saulo\OneDrive\Documentos\projetos\APP COND\externals\mobile\node_modules\@babel\parser\lib\index.js:12443:12)
    at TypeScriptParserMixin.parseMaybeAssignAllowIn (C:\Users\saulo\OneDrive\Documentos\projetos\APP COND\externals\mobile\node_modules\@babel\parser\lib\index.js:10817:17)
    at TypeScriptParserMixin.parseMaybeAssignAllowInOrVoidPattern (C:\Users\saulo\OneDrive\Documentos\projetos\APP COND\externals\mobile\node_modules\@babel\parser\lib\index.js:12510:17)
    at TypeScriptParserMixin.parseExprListItem (C:\Users\saulo\OneDrive\Documentos\projetos\APP COND\externals\mobile\node_modules\@babel\parser\lib\index.js:12192:18)
    at TypeScriptParserMixin.parseCallExpressionArguments (C:\Users\saulo\OneDrive\Documentos\projetos\APP COND\externals\mobile\node_modules\@babel\parser\lib\index.js:11269:22)
    at TypeScriptParserMixin.parseCoverCallAndAsyncArrowHead (C:\Users\saulo\OneDrive\Documentos\projetos\APP COND\externals\mobile\node_modules\@babel\parser\lib\index.js:11203:29)
    at TypeScriptParserMixin.parseSubscript (C:\Users\saulo\OneDrive\Documentos\projetos\APP COND\externals\mobile\node_modules\@babel\parser\lib\index.js:11137:19)
    at TypeScriptParserMixin.parseSubscript (C:\Users\saulo\OneDrive\Documentos\projetos\APP COND\externals\mobile\node_modules\@babel\parser\lib\index.js:9289:18)
    at TypeScriptParserMixin.parseSubscripts (C:\Users\saulo\OneDrive\Documentos\projetos\APP COND\externals\mobile\node_modules\@babel\parser\lib\index.js:11111:19)
    at TypeScriptParserMixin.parseExprSubscripts (C:\Users\saulo\OneDrive\Documentos\projetos\APP COND\externals\mobile\node_modules\@babel\parser\lib\index.js:11102:17)
    at TypeScriptParserMixin.parseUpdate (C:\Users\saulo\OneDrive\Documentos\projetos\APP COND\externals\mobile\node_modules\@babel\parser\lib\index.js:11083:21)
    at TypeScriptParserMixin.parseMaybeUnary (C:\Users\saulo\OneDrive\Documentos\projetos\APP COND\externals\mobile\node_modules\@babel\parser\lib\index.js:11063:23)
    at TypeScriptParserMixin.parseMaybeUnary (C:\Users\saulo\OneDrive\Documentos\projetos\APP COND\externals\mobile\node_modules\@babel\parser\lib\index.js:9854:18)
 ERROR  SyntaxError: C:\Users\saulo\OneDrive\Documentos\projetos\APP COND\externals\mobile\src\screens\Units.tsx: Unexpected token, expected "," (14:1323)

  12 | <View style={s.forms}><Panel><Text style={s.heading}>Novo bloco</Text><TextInput placeholder="Nome do bloco" value={blockName} onChangeText={setBlockName} style={s.input}/><AppButton title="Cadastrar bloco" onPress={createBlock} disabled={loading||!blockName.trim()}/></Panel><Panel><Text style={s.heading}>Novo apartamento</Text><Text style={s.label}>Bloco</Text><View style={s.options}>{blocks.map(b=><Pressable key={b.id} onPress={()=>setBlockId(b.id)} style={[s.option,blockId===b.id&&s.on]}><Text style={[s.optionText,blockId===b.id&&s.onText]}>{b.name}</Text></Pressable>)}</View><TextInput placeholder="Número do apartamento" value={number} onChangeText={setNumber} style={s.input}/><Text style={s.label}>Tipologia</Text><View style={s.options}>{types.map(t=><Pressable key={t.id} onPress={()=>setTypeId(t.id)} style={[s.option,typeId===t.id&&s.on]}><Text style={[s.optionText,typeId===t.id&&s.onText]}>{t.name}</Text></Pressable>)}</View><AppButton title="Cadastrar apartamento" onPress={createUnit} disabled={loading||!blockId||!number.trim()}/></Panel></View>{error?<Text style={s.error}>{error}</Text>:null}{notice?<Text style={s.notice}>{notice}</Text>:null}
  13 | <View style={s.header}><Text style={s.heading}>Unidades cadastradas</Text><Text style={s.count}>{units.length}</Text></View>{!units.length?<EmptyState title="Nenhuma unidade" description="Cadastre um bloco e seu primeiro apartamento."/>:<View style={s.list}>{units.map(u=><View key={u.id} style={s.card}><Text style={s.cardTitle}>{u.block_name} · Apartamento {u.number}</Text><Text style={s.meta}>{u.unit_type_name||'Sem tipologia'} · {u.residents.length} morador(es)</Text><Text style={s.rep}>Representante atual: {u.representative_name||'não definido'}</Text>{u.residents.map(r=><Pressable key={r.user_id} onPress={()=>representative(u.id,r.user_id)} style={[s.resident,r.is_representative&&s.residentOn]}><Text style={s.residentName}>{r.full_name||'Sem nome'}{r.is_representative?' · Representante':''}</Text><Text style={s.meta}>{r.cpf||'CPF não informado'} · {r.role}</Text></Pressable>)}</View>)}</View>}</ScrollView></ResponsiveShell>}
> 14 | const s=StyleSheet.create({container:{width:'100%',maxWidth:1180,alignSelf:'center',padding:24,paddingBottom:40},eyebrow:{color:colors.teal,fontWeight:'900',marginBottom:6},title:{color:colors.ink,fontSize:28,fontWeight:'900'},subtitle:{color:colors.muted,fontSize:15,lineHeight:22,marginTop:6,marginBottom:18},forms:{gap:14},heading:{color:colors.ink,fontSize:17,fontWeight:'900',marginBottom:10},label:{color:colors.ink,fontWeight:'800',marginBottom:7},input:{minHeight:46,borderWidth:1,borderColor:colors.border,borderRadius:9,paddingHorizontal:12,marginBottom:10},options:{flexDirection:'row',flexWrap:'wrap',gap:7,marginBottom:10},option:{borderWidth:1,borderColor:colors.border,borderRadius:8,paddingHorizontal:10,paddingVertical:8},on:{backgroundColor:colors.primary,borderColor:colors.primary},optionText:{color:colors.muted,fontWeight:'800'},onText:{color:'#fff'},header:{flexDirection:'row',justifyContent:'space-between',marginTop:22},count:{color:colors.primary,fontWeight:'900'},list:{gap:10,marginTop:10},card:{backgroundColor:'#fff',borderWidth:1,borderColor:colors.border,borderRadius:10,padding:14},cardTitle:{color:colors.ink,fontWeight:'900',fontSize:16},meta:{color:colors.muted,fontSize:12,marginTop:4},rep:{color:colors.primaryDark,fontWeight:'800',marginTop:8,marginBottom:6},resident:{borderRadius:8;backgroundColor:'#f7f9fb',padding:10,marginTop:6},residentOn:{backgroundColor:colors.softBlue,borderWidth:1,borderColor:colors.primary},residentName:{color:colors.ink,fontWeight:'800'},error:{color:colors.red,marginTop:12},notice:{color:colors.green,fontWeight:'800',marginTop:12}});
     |                                                                                                                                                                                                                                                                                                                                                                                                                                                                                                                                                                                                                                                                                                                                                                                                                                                                                                                                                                                                                                                                                                                                                                                                                                                                                                                                                                            ^
  15 |
    at constructor (C:\Users\saulo\OneDrive\Documentos\projetos\APP COND\externals\mobile\node_modules\@babel\parser\lib\index.js:365:19)
    at TypeScriptParserMixin.raise (C:\Users\saulo\OneDrive\Documentos\projetos\APP COND\externals\mobile\node_modules\@babel\parser\lib\index.js:6616:19)
    at TypeScriptParserMixin.unexpected (C:\Users\saulo\OneDrive\Documentos\projetos\APP COND\externals\mobile\node_modules\@babel\parser\lib\index.js:6636:16)
    at TypeScriptParserMixin.expect (C:\Users\saulo\OneDrive\Documentos\projetos\APP COND\externals\mobile\node_modules\@babel\parser\lib\index.js:6916:12)
    at TypeScriptParserMixin.parseObjectLike (C:\Users\saulo\OneDrive\Documentos\projetos\APP COND\externals\mobile\node_modules\@babel\parser\lib\index.js:11839:14)
    at TypeScriptParserMixin.parseExprAtom (C:\Users\saulo\OneDrive\Documentos\projetos\APP COND\externals\mobile\node_modules\@babel\parser\lib\index.js:11356:23)
    at TypeScriptParserMixin.parseExprAtom (C:\Users\saulo\OneDrive\Documentos\projetos\APP COND\externals\mobile\node_modules\@babel\parser\lib\index.js:4776:20)
    at TypeScriptParserMixin.parseExprSubscripts (C:\Users\saulo\OneDrive\Documentos\projetos\APP COND\externals\mobile\node_modules\@babel\parser\lib\index.js:11098:23)
    at TypeScriptParserMixin.parseUpdate (C:\Users\saulo\OneDrive\Documentos\projetos\APP COND\externals\mobile\node_modules\@babel\parser\lib\index.js:11083:21)
    at TypeScriptParserMixin.parseMaybeUnary (C:\Users\saulo\OneDrive\Documentos\projetos\APP COND\externals\mobile\node_modules\@babel\parser\lib\index.js:11063:23)
    at TypeScriptParserMixin.parseMaybeUnary (C:\Users\saulo\OneDrive\Documentos\projetos\APP COND\externals\mobile\node_modules\@babel\parser\lib\index.js:9854:18)
    at TypeScriptParserMixin.parseMaybeUnaryOrPrivate (C:\Users\saulo\OneDrive\Documentos\projetos\APP COND\externals\mobile\node_modules\@babel\parser\lib\index.js:10916:61)
    at TypeScriptParserMixin.parseExprOps (C:\Users\saulo\OneDrive\Documentos\projetos\APP COND\externals\mobile\node_modules\@babel\parser\lib\index.js:10921:23)
    at TypeScriptParserMixin.parseMaybeConditional (C:\Users\saulo\OneDrive\Documentos\projetos\APP COND\externals\mobile\node_modules\@babel\parser\lib\index.js:10898:23)
    at TypeScriptParserMixin.parseMaybeAssign (C:\Users\saulo\OneDrive\Documentos\projetos\APP COND\externals\mobile\node_modules\@babel\parser\lib\index.js:10848:21)
    at TypeScriptParserMixin.parseMaybeAssign (C:\Users\saulo\OneDrive\Documentos\projetos\APP COND\externals\mobile\node_modules\@babel\parser\lib\index.js:9803:20)
    at C:\Users\saulo\OneDrive\Documentos\projetos\APP COND\externals\mobile\node_modules\@babel\parser\lib\index.js:10817:39
    at TypeScriptParserMixin.allowInAnd (C:\Users\saulo\OneDrive\Documentos\projetos\APP COND\externals\mobile\node_modules\@babel\parser\lib\index.js:12443:12)
    at TypeScriptParserMixin.parseMaybeAssignAllowIn (C:\Users\saulo\OneDrive\Documentos\projetos\APP COND\externals\mobile\node_modules\@babel\parser\lib\index.js:10817:17)
    at TypeScriptParserMixin.parseMaybeAssignAllowInOrVoidPattern (C:\Users\saulo\OneDrive\Documentos\projetos\APP COND\externals\mobile\node_modules\@babel\parser\lib\index.js:12510:17)
    at TypeScriptParserMixin.parseObjectProperty (C:\Users\saulo\OneDrive\Documentos\projetos\APP COND\externals\mobile\node_modules\@babel\parser\lib\index.js:11967:83)
    at TypeScriptParserMixin.parseObjPropValue (C:\Users\saulo\OneDrive\Documentos\projetos\APP COND\externals\mobile\node_modules\@babel\parser\lib\index.js:11995:100)
    at TypeScriptParserMixin.parseObjPropValue (C:\Users\saulo\OneDrive\Documentos\projetos\APP COND\externals\mobile\node_modules\@babel\parser\lib\index.js:9761:18)
    at TypeScriptParserMixin.parsePropertyDefinition (C:\Users\saulo\OneDrive\Documentos\projetos\APP COND\externals\mobile\node_modules\@babel\parser\lib\index.js:11932:17)
    at TypeScriptParserMixin.parseObjectLike (C:\Users\saulo\OneDrive\Documentos\projetos\APP COND\externals\mobile\node_modules\@babel\parser\lib\index.js:11849:21)
    at TypeScriptParserMixin.parseExprAtom (C:\Users\saulo\OneDrive\Documentos\projetos\APP COND\externals\mobile\node_modules\@babel\parser\lib\index.js:11356:23)
    at TypeScriptParserMixin.parseExprAtom (C:\Users\saulo\OneDrive\Documentos\projetos\APP COND\externals\mobile\node_modules\@babel\parser\lib\index.js:4776:20)
    at TypeScriptParserMixin.parseExprSubscripts (C:\Users\saulo\OneDrive\Documentos\projetos\APP COND\externals\mobile\node_modules\@babel\parser\lib\index.js:11098:23)
    at TypeScriptParserMixin.parseUpdate (C:\Users\saulo\OneDrive\Documentos\projetos\APP COND\externals\mobile\node_modules\@babel\parser\lib\index.js:11083:21)
    at TypeScriptParserMixin.parseMaybeUnary (C:\Users\saulo\OneDrive\Documentos\projetos\APP COND\externals\mobile\node_modules\@babel\parser\lib\index.js:11063:23)
    at TypeScriptParserMixin.parseMaybeUnary (C:\Users\saulo\OneDrive\Documentos\projetos\APP COND\externals\mobile\node_modules\@babel\parser\lib\index.js:9854:18)
    at TypeScriptParserMixin.parseMaybeUnaryOrPrivate (C:\Users\saulo\OneDrive\Documentos\projetos\APP COND\externals\mobile\node_modules\@babel\parser\lib\index.js:10916:61)
    at TypeScriptParserMixin.parseExprOps (C:\Users\saulo\OneDrive\Documentos\projetos\APP COND\externals\mobile\node_modules\@babel\parser\lib\index.js:10921:23)
    at TypeScriptParserMixin.parseMaybeConditional (C:\Users\saulo\OneDrive\Documentos\projetos\APP COND\externals\mobile\node_modules\@babel\parser\lib\index.js:10898:23)
    at TypeScriptParserMixin.parseMaybeAssign (C:\Users\saulo\OneDrive\Documentos\projetos\APP COND\externals\mobile\node_modules\@babel\parser\lib\index.js:10848:21)
    at TypeScriptParserMixin.parseMaybeAssign (C:\Users\saulo\OneDrive\Documentos\projetos\APP COND\externals\mobile\node_modules\@babel\parser\lib\index.js:9803:20)
    at C:\Users\saulo\OneDrive\Documentos\projetos\APP COND\externals\mobile\node_modules\@babel\parser\lib\index.js:10817:39
    at TypeScriptParserMixin.allowInAnd (C:\Users\saulo\OneDrive\Documentos\projetos\APP COND\externals\mobile\node_modules\@babel\parser\lib\index.js:12443:12)
    at TypeScriptParserMixin.parseMaybeAssignAllowIn (C:\Users\saulo\OneDrive\Documentos\projetos\APP COND\externals\mobile\node_modules\@babel\parser\lib\index.js:10817:17)
    at TypeScriptParserMixin.parseMaybeAssignAllowInOrVoidPattern (C:\Users\saulo\OneDrive\Documentos\projetos\APP COND\externals\mobile\node_modules\@babel\parser\lib\index.js:12510:17)
    at TypeScriptParserMixin.parseExprListItem (C:\Users\saulo\OneDrive\Documentos\projetos\APP COND\externals\mobile\node_modules\@babel\parser\lib\index.js:12192:18)
    at TypeScriptParserMixin.parseCallExpressionArguments (C:\Users\saulo\OneDrive\Documentos\projetos\APP COND\externals\mobile\node_modules\@babel\parser\lib\index.js:11269:22)
    at TypeScriptParserMixin.parseCoverCallAndAsyncArrowHead (C:\Users\saulo\OneDrive\Documentos\projetos\APP COND\externals\mobile\node_modules\@babel\parser\lib\index.js:11203:29)
    at TypeScriptParserMixin.parseSubscript (C:\Users\saulo\OneDrive\Documentos\projetos\APP COND\externals\mobile\node_modules\@babel\parser\lib\index.js:11137:19)
    at TypeScriptParserMixin.parseSubscript (C:\Users\saulo\OneDrive\Documentos\projetos\APP COND\externals\mobile\node_modules\@babel\parser\lib\index.js:9289:18)
    at TypeScriptParserMixin.parseSubscripts (C:\Users\saulo\OneDrive\Documentos\projetos\APP COND\externals\mobile\node_modules\@babel\parser\lib\index.js:11111:19)
    at TypeScriptParserMixin.parseExprSubscripts (C:\Users\saulo\OneDrive\Documentos\projetos\APP COND\externals\mobile\node_modules\@babel\parser\lib\index.js:11102:17)
    at TypeScriptParserMixin.parseUpdate (C:\Users\saulo\OneDrive\Documentos\projetos\APP COND\externals\mobile\node_modules\@babel\parser\lib\index.js:11083:21)
    at TypeScriptParserMixin.parseMaybeUnary (C:\Users\saulo\OneDrive\Documentos\projetos\APP COND\externals\mobile\node_modules\@babel\parser\lib\index.js:11063:23)
    at TypeScriptParserMixin.parseMaybeUnary (C:\Users\saulo\OneDrive\Documentos\projetos\APP COND\externals\mobile\node_modules\@babel\parser\lib\index.js:9854:18)
 ERROR  SyntaxError: C:\Users\saulo\OneDrive\Documentos\projetos\APP COND\externals\mobile\src\screens\Units.tsx: Unexpected token, expected "," (14:1323)

  12 | <View style={s.forms}><Panel><Text style={s.heading}>Novo bloco</Text><TextInput placeholder="Nome do bloco" value={blockName} onChangeText={setBlockName} style={s.input}/><AppButton title="Cadastrar bloco" onPress={createBlock} disabled={loading||!blockName.trim()}/></Panel><Panel><Text style={s.heading}>Novo apartamento</Text><Text style={s.label}>Bloco</Text><View style={s.options}>{blocks.map(b=><Pressable key={b.id} onPress={()=>setBlockId(b.id)} style={[s.option,blockId===b.id&&s.on]}><Text style={[s.optionText,blockId===b.id&&s.onText]}>{b.name}</Text></Pressable>)}</View><TextInput placeholder="Número do apartamento" value={number} onChangeText={setNumber} style={s.input}/><Text style={s.label}>Tipologia</Text><View style={s.options}>{types.map(t=><Pressable key={t.id} onPress={()=>setTypeId(t.id)} style={[s.option,typeId===t.id&&s.on]}><Text style={[s.optionText,typeId===t.id&&s.onText]}>{t.name}</Text></Pressable>)}</View><AppButton title="Cadastrar apartamento" onPress={createUnit} disabled={loading||!blockId||!number.trim()}/></Panel></View>{error?<Text style={s.error}>{error}</Text>:null}{notice?<Text style={s.notice}>{notice}</Text>:null}
  13 | <View style={s.header}><Text style={s.heading}>Unidades cadastradas</Text><Text style={s.count}>{units.length}</Text></View>{!units.length?<EmptyState title="Nenhuma unidade" description="Cadastre um bloco e seu primeiro apartamento."/>:<View style={s.list}>{units.map(u=><View key={u.id} style={s.card}><Text style={s.cardTitle}>{u.block_name} · Apartamento {u.number}</Text><Text style={s.meta}>{u.unit_type_name||'Sem tipologia'} · {u.residents.length} morador(es)</Text><Text style={s.rep}>Representante atual: {u.representative_name||'não definido'}</Text>{u.residents.map(r=><Pressable key={r.user_id} onPress={()=>representative(u.id,r.user_id)} style={[s.resident,r.is_representative&&s.residentOn]}><Text style={s.residentName}>{r.full_name||'Sem nome'}{r.is_representative?' · Representante':''}</Text><Text style={s.meta}>{r.cpf||'CPF não informado'} · {r.role}</Text></Pressable>)}</View>)}</View>}</ScrollView></ResponsiveShell>}
> 14 | const s=StyleSheet.create({container:{width:'100%',maxWidth:1180,alignSelf:'center',padding:24,paddingBottom:40},eyebrow:{color:colors.teal,fontWeight:'900',marginBottom:6},title:{color:colors.ink,fontSize:28,fontWeight:'900'},subtitle:{color:colors.muted,fontSize:15,lineHeight:22,marginTop:6,marginBottom:18},forms:{gap:14},heading:{color:colors.ink,fontSize:17,fontWeight:'900',marginBottom:10},label:{color:colors.ink,fontWeight:'800',marginBottom:7},input:{minHeight:46,borderWidth:1,borderColor:colors.border,borderRadius:9,paddingHorizontal:12,marginBottom:10},options:{flexDirection:'row',flexWrap:'wrap',gap:7,marginBottom:10},option:{borderWidth:1,borderColor:colors.border,borderRadius:8,paddingHorizontal:10,paddingVertical:8},on:{backgroundColor:colors.primary,borderColor:colors.primary},optionText:{color:colors.muted,fontWeight:'800'},onText:{color:'#fff'},header:{flexDirection:'row',justifyContent:'space-between',marginTop:22},count:{color:colors.primary,fontWeight:'900'},list:{gap:10,marginTop:10},card:{backgroundColor:'#fff',borderWidth:1,borderColor:colors.border,borderRadius:10,padding:14},cardTitle:{color:colors.ink,fontWeight:'900',fontSize:16},meta:{color:colors.muted,fontSize:12,marginTop:4},rep:{color:colors.primaryDark,fontWeight:'800',marginTop:8,marginBottom:6},resident:{borderRadius:8;backgroundColor:'#f7f9fb',padding:10,marginTop:6},residentOn:{backgroundColor:colors.softBlue,borderWidth:1,borderColor:colors.primary},residentName:{color:colors.ink,fontWeight:'800'},error:{color:colors.red,marginTop:12},notice:{color:colors.green,fontWeight:'800',marginTop:12}});
     |                                                                                                                                                                                                                                                                                                                                                                                                                                                                                                                                                                                                                                                                                                                                                                                                                                                                                                                                                                                                                                                                                                                                                                                                                                                                                                                                                                            ^
  15 |
    at constructor (C:\Users\saulo\OneDrive\Documentos\projetos\APP COND\externals\mobile\node_modules\@babel\parser\lib\index.js:365:19)
    at TypeScriptParserMixin.raise (C:\Users\saulo\OneDrive\Documentos\projetos\APP COND\externals\mobile\node_modules\@babel\parser\lib\index.js:6616:19)
    at TypeScriptParserMixin.unexpected (C:\Users\saulo\OneDrive\Documentos\projetos\APP COND\externals\mobile\node_modules\@babel\parser\lib\index.js:6636:16)
    at TypeScriptParserMixin.expect (C:\Users\saulo\OneDrive\Documentos\projetos\APP COND\externals\mobile\node_modules\@babel\parser\lib\index.js:6916:12)
    at TypeScriptParserMixin.parseObjectLike (C:\Users\saulo\OneDrive\Documentos\projetos\APP COND\externals\mobile\node_modules\@babel\parser\lib\index.js:11839:14)
    at TypeScriptParserMixin.parseExprAtom (C:\Users\saulo\OneDrive\Documentos\projetos\APP COND\externals\mobile\node_modules\@babel\parser\lib\index.js:11356:23)
    at TypeScriptParserMixin.parseExprAtom (C:\Users\saulo\OneDrive\Documentos\projetos\APP COND\externals\mobile\node_modules\@babel\parser\lib\index.js:4776:20)
    at TypeScriptParserMixin.parseExprSubscripts (C:\Users\saulo\OneDrive\Documentos\projetos\APP COND\externals\mobile\node_modules\@babel\parser\lib\index.js:11098:23)
    at TypeScriptParserMixin.parseUpdate (C:\Users\saulo\OneDrive\Documentos\projetos\APP COND\externals\mobile\node_modules\@babel\parser\lib\index.js:11083:21)
    at TypeScriptParserMixin.parseMaybeUnary (C:\Users\saulo\OneDrive\Documentos\projetos\APP COND\externals\mobile\node_modules\@babel\parser\lib\index.js:11063:23)
    at TypeScriptParserMixin.parseMaybeUnary (C:\Users\saulo\OneDrive\Documentos\projetos\APP COND\externals\mobile\node_modules\@babel\parser\lib\index.js:9854:18)
    at TypeScriptParserMixin.parseMaybeUnaryOrPrivate (C:\Users\saulo\OneDrive\Documentos\projetos\APP COND\externals\mobile\node_modules\@babel\parser\lib\index.js:10916:61)
    at TypeScriptParserMixin.parseExprOps (C:\Users\saulo\OneDrive\Documentos\projetos\APP COND\externals\mobile\node_modules\@babel\parser\lib\index.js:10921:23)
    at TypeScriptParserMixin.parseMaybeConditional (C:\Users\saulo\OneDrive\Documentos\projetos\APP COND\externals\mobile\node_modules\@babel\parser\lib\index.js:10898:23)
    at TypeScriptParserMixin.parseMaybeAssign (C:\Users\saulo\OneDrive\Documentos\projetos\APP COND\externals\mobile\node_modules\@babel\parser\lib\index.js:10848:21)
    at TypeScriptParserMixin.parseMaybeAssign (C:\Users\saulo\OneDrive\Documentos\projetos\APP COND\externals\mobile\node_modules\@babel\parser\lib\index.js:9803:20)
    at C:\Users\saulo\OneDrive\Documentos\projetos\APP COND\externals\mobile\node_modules\@babel\parser\lib\index.js:10817:39
    at TypeScriptParserMixin.allowInAnd (C:\Users\saulo\OneDrive\Documentos\projetos\APP COND\externals\mobile\node_modules\@babel\parser\lib\index.js:12443:12)
    at TypeScriptParserMixin.parseMaybeAssignAllowIn (C:\Users\saulo\OneDrive\Documentos\projetos\APP COND\externals\mobile\node_modules\@babel\parser\lib\index.js:10817:17)
    at TypeScriptParserMixin.parseMaybeAssignAllowInOrVoidPattern (C:\Users\saulo\OneDrive\Documentos\projetos\APP COND\externals\mobile\node_modules\@babel\parser\lib\index.js:12510:17)
    at TypeScriptParserMixin.parseObjectProperty (C:\Users\saulo\OneDrive\Documentos\projetos\APP COND\externals\mobile\node_modules\@babel\parser\lib\index.js:11967:83)
    at TypeScriptParserMixin.parseObjPropValue (C:\Users\saulo\OneDrive\Documentos\projetos\APP COND\externals\mobile\node_modules\@babel\parser\lib\index.js:11995:100)
    at TypeScriptParserMixin.parseObjPropValue (C:\Users\saulo\OneDrive\Documentos\projetos\APP COND\externals\mobile\node_modules\@babel\parser\lib\index.js:9761:18)
    at TypeScriptParserMixin.parsePropertyDefinition (C:\Users\saulo\OneDrive\Documentos\projetos\APP COND\externals\mobile\node_modules\@babel\parser\lib\index.js:11932:17)
    at TypeScriptParserMixin.parseObjectLike (C:\Users\saulo\OneDrive\Documentos\projetos\APP COND\externals\mobile\node_modules\@babel\parser\lib\index.js:11849:21)
    at TypeScriptParserMixin.parseExprAtom (C:\Users\saulo\OneDrive\Documentos\projetos\APP COND\externals\mobile\node_modules\@babel\parser\lib\index.js:11356:23)
    at TypeScriptParserMixin.parseExprAtom (C:\Users\saulo\OneDrive\Documentos\projetos\APP COND\externals\mobile\node_modules\@babel\parser\lib\index.js:4776:20)
    at TypeScriptParserMixin.parseExprSubscripts (C:\Users\saulo\OneDrive\Documentos\projetos\APP COND\externals\mobile\node_modules\@babel\parser\lib\index.js:11098:23)
    at TypeScriptParserMixin.parseUpdate (C:\Users\saulo\OneDrive\Documentos\projetos\APP COND\externals\mobile\node_modules\@babel\parser\lib\index.js:11083:21)
    at TypeScriptParserMixin.parseMaybeUnary (C:\Users\saulo\OneDrive\Documentos\projetos\APP COND\externals\mobile\node_modules\@babel\parser\lib\index.js:11063:23)
    at TypeScriptParserMixin.parseMaybeUnary (C:\Users\saulo\OneDrive\Documentos\projetos\APP COND\externals\mobile\node_modules\@babel\parser\lib\index.js:9854:18)
    at TypeScriptParserMixin.parseMaybeUnaryOrPrivate (C:\Users\saulo\OneDrive\Documentos\projetos\APP COND\externals\mobile\node_modules\@babel\parser\lib\index.js:10916:61)
    at TypeScriptParserMixin.parseExprOps (C:\Users\saulo\OneDrive\Documentos\projetos\APP COND\externals\mobile\node_modules\@babel\parser\lib\index.js:10921:23)
    at TypeScriptParserMixin.parseMaybeConditional (C:\Users\saulo\OneDrive\Documentos\projetos\APP COND\externals\mobile\node_modules\@babel\parser\lib\index.js:10898:23)
    at TypeScriptParserMixin.parseMaybeAssign (C:\Users\saulo\OneDrive\Documentos\projetos\APP COND\externals\mobile\node_modules\@babel\parser\lib\index.js:10848:21)
    at TypeScriptParserMixin.parseMaybeAssign (C:\Users\saulo\OneDrive\Documentos\projetos\APP COND\externals\mobile\node_modules\@babel\parser\lib\index.js:9803:20)
    at C:\Users\saulo\OneDrive\Documentos\projetos\APP COND\externals\mobile\node_modules\@babel\parser\lib\index.js:10817:39
    at TypeScriptParserMixin.allowInAnd (C:\Users\saulo\OneDrive\Documentos\projetos\APP COND\externals\mobile\node_modules\@babel\parser\lib\index.js:12443:12)
    at TypeScriptParserMixin.parseMaybeAssignAllowIn (C:\Users\saulo\OneDrive\Documentos\projetos\APP COND\externals\mobile\node_modules\@babel\parser\lib\index.js:10817:17)
    at TypeScriptParserMixin.parseMaybeAssignAllowInOrVoidPattern (C:\Users\saulo\OneDrive\Documentos\projetos\APP COND\externals\mobile\node_modules\@babel\parser\lib\index.js:12510:17)
    at TypeScriptParserMixin.parseExprListItem (C:\Users\saulo\OneDrive\Documentos\projetos\APP COND\externals\mobile\node_modules\@babel\parser\lib\index.js:12192:18)
    at TypeScriptParserMixin.parseCallExpressionArguments (C:\Users\saulo\OneDrive\Documentos\projetos\APP COND\externals\mobile\node_modules\@babel\parser\lib\index.js:11269:22)
    at TypeScriptParserMixin.parseCoverCallAndAsyncArrowHead (C:\Users\saulo\OneDrive\Documentos\projetos\APP COND\externals\mobile\node_modules\@babel\parser\lib\index.js:11203:29)
    at TypeScriptParserMixin.parseSubscript (C:\Users\saulo\OneDrive\Documentos\projetos\APP COND\externals\mobile\node_modules\@babel\parser\lib\index.js:11137:19)
    at TypeScriptParserMixin.parseSubscript (C:\Users\saulo\OneDrive\Documentos\projetos\APP COND\externals\mobile\node_modules\@babel\parser\lib\index.js:9289:18)
    at TypeScriptParserMixin.parseSubscripts (C:\Users\saulo\OneDrive\Documentos\projetos\APP COND\externals\mobile\node_modules\@babel\parser\lib\index.js:11111:19)
    at TypeScriptParserMixin.parseExprSubscripts (C:\Users\saulo\OneDrive\Documentos\projetos\APP COND\externals\mobile\node_modules\@babel\parser\lib\index.js:11102:17)
    at TypeScriptParserMixin.parseUpdate (C:\Users\saulo\OneDrive\Documentos\projetos\APP COND\externals\mobile\node_modules\@babel\parser\lib\index.js:11083:21)
    at TypeScriptParserMixin.parseMaybeUnary (C:\Users\saulo\OneDrive\Documentos\projetos\APP COND\externals\mobile\node_modules\@babel\parser\lib\index.js:11063:23)
    at TypeScriptParserMixin.parseMaybeUnary (C:\Users\saulo\OneDrive\Documentos\projetos\APP COND\externals\mobile\node_modules\@babel\parser\lib\index.js:9854:18)
 ERROR  SyntaxError: C:\Users\saulo\OneDrive\Documentos\projetos\APP COND\externals\mobile\src\screens\Units.tsx: Unexpected token, expected "," (14:1323)

  12 | <View style={s.forms}><Panel><Text style={s.heading}>Novo bloco</Text><TextInput placeholder="Nome do bloco" value={blockName} onChangeText={setBlockName} style={s.input}/><AppButton title="Cadastrar bloco" onPress={createBlock} disabled={loading||!blockName.trim()}/></Panel><Panel><Text style={s.heading}>Novo apartamento</Text><Text style={s.label}>Bloco</Text><View style={s.options}>{blocks.map(b=><Pressable key={b.id} onPress={()=>setBlockId(b.id)} style={[s.option,blockId===b.id&&s.on]}><Text style={[s.optionText,blockId===b.id&&s.onText]}>{b.name}</Text></Pressable>)}</View><TextInput placeholder="Número do apartamento" value={number} onChangeText={setNumber} style={s.input}/><Text style={s.label}>Tipologia</Text><View style={s.options}>{types.map(t=><Pressable key={t.id} onPress={()=>setTypeId(t.id)} style={[s.option,typeId===t.id&&s.on]}><Text style={[s.optionText,typeId===t.id&&s.onText]}>{t.name}</Text></Pressable>)}</View><AppButton title="Cadastrar apartamento" onPress={createUnit} disabled={loading||!blockId||!number.trim()}/></Panel></View>{error?<Text style={s.error}>{error}</Text>:null}{notice?<Text style={s.notice}>{notice}</Text>:null}
  13 | <View style={s.header}><Text style={s.heading}>Unidades cadastradas</Text><Text style={s.count}>{units.length}</Text></View>{!units.length?<EmptyState title="Nenhuma unidade" description="Cadastre um bloco e seu primeiro apartamento."/>:<View style={s.list}>{units.map(u=><View key={u.id} style={s.card}><Text style={s.cardTitle}>{u.block_name} · Apartamento {u.number}</Text><Text style={s.meta}>{u.unit_type_name||'Sem tipologia'} · {u.residents.length} morador(es)</Text><Text style={s.rep}>Representante atual: {u.representative_name||'não definido'}</Text>{u.residents.map(r=><Pressable key={r.user_id} onPress={()=>representative(u.id,r.user_id)} style={[s.resident,r.is_representative&&s.residentOn]}><Text style={s.residentName}>{r.full_name||'Sem nome'}{r.is_representative?' · Representante':''}</Text><Text style={s.meta}>{r.cpf||'CPF não informado'} · {r.role}</Text></Pressable>)}</View>)}</View>}</ScrollView></ResponsiveShell>}
> 14 | const s=StyleSheet.create({container:{width:'100%',maxWidth:1180,alignSelf:'center',padding:24,paddingBottom:40},eyebrow:{color:colors.teal,fontWeight:'900',marginBottom:6},title:{color:colors.ink,fontSize:28,fontWeight:'900'},subtitle:{color:colors.muted,fontSize:15,lineHeight:22,marginTop:6,marginBottom:18},forms:{gap:14},heading:{color:colors.ink,fontSize:17,fontWeight:'900',marginBottom:10},label:{color:colors.ink,fontWeight:'800',marginBottom:7},input:{minHeight:46,borderWidth:1,borderColor:colors.border,borderRadius:9,paddingHorizontal:12,marginBottom:10},options:{flexDirection:'row',flexWrap:'wrap',gap:7,marginBottom:10},option:{borderWidth:1,borderColor:colors.border,borderRadius:8,paddingHorizontal:10,paddingVertical:8},on:{backgroundColor:colors.primary,borderColor:colors.primary},optionText:{color:colors.muted,fontWeight:'800'},onText:{color:'#fff'},header:{flexDirection:'row',justifyContent:'space-between',marginTop:22},count:{color:colors.primary,fontWeight:'900'},list:{gap:10,marginTop:10},card:{backgroundColor:'#fff',borderWidth:1,borderColor:colors.border,borderRadius:10,padding:14},cardTitle:{color:colors.ink,fontWeight:'900',fontSize:16},meta:{color:colors.muted,fontSize:12,marginTop:4},rep:{color:colors.primaryDark,fontWeight:'800',marginTop:8,marginBottom:6},resident:{borderRadius:8;backgroundColor:'#f7f9fb',padding:10,marginTop:6},residentOn:{backgroundColor:colors.softBlue,borderWidth:1,borderColor:colors.primary},residentName:{color:colors.ink,fontWeight:'800'},error:{color:colors.red,marginTop:12},notice:{color:colors.green,fontWeight:'800',marginTop:12}});
     |                                                                                                                                                                                                                                                                                                                                                                                                                                                                                                                                                                                                                                                                                                                                                                                                                                                                                                                                                                                                                                                                                                                                                                                                                                                                                                                                                                            ^
  15 |
    at constructor (C:\Users\saulo\OneDrive\Documentos\projetos\APP COND\externals\mobile\node_modules\@babel\parser\lib\index.js:365:19)
    at TypeScriptParserMixin.raise (C:\Users\saulo\OneDrive\Documentos\projetos\APP COND\externals\mobile\node_modules\@babel\parser\lib\index.js:6616:19)
    at TypeScriptParserMixin.unexpected (C:\Users\saulo\OneDrive\Documentos\projetos\APP COND\externals\mobile\node_modules\@babel\parser\lib\index.js:6636:16)
    at TypeScriptParserMixin.expect (C:\Users\saulo\OneDrive\Documentos\projetos\APP COND\externals\mobile\node_modules\@babel\parser\lib\index.js:6916:12)
    at TypeScriptParserMixin.parseObjectLike (C:\Users\saulo\OneDrive\Documentos\projetos\APP COND\externals\mobile\node_modules\@babel\parser\lib\index.js:11839:14)
    at TypeScriptParserMixin.parseExprAtom (C:\Users\saulo\OneDrive\Documentos\projetos\APP COND\externals\mobile\node_modules\@babel\parser\lib\index.js:11356:23)
    at TypeScriptParserMixin.parseExprAtom (C:\Users\saulo\OneDrive\Documentos\projetos\APP COND\externals\mobile\node_modules\@babel\parser\lib\index.js:4776:20)
    at TypeScriptParserMixin.parseExprSubscripts (C:\Users\saulo\OneDrive\Documentos\projetos\APP COND\externals\mobile\node_modules\@babel\parser\lib\index.js:11098:23)
    at TypeScriptParserMixin.parseUpdate (C:\Users\saulo\OneDrive\Documentos\projetos\APP COND\externals\mobile\node_modules\@babel\parser\lib\index.js:11083:21)
    at TypeScriptParserMixin.parseMaybeUnary (C:\Users\saulo\OneDrive\Documentos\projetos\APP COND\externals\mobile\node_modules\@babel\parser\lib\index.js:11063:23)
    at TypeScriptParserMixin.parseMaybeUnary (C:\Users\saulo\OneDrive\Documentos\projetos\APP COND\externals\mobile\node_modules\@babel\parser\lib\index.js:9854:18)
    at TypeScriptParserMixin.parseMaybeUnaryOrPrivate (C:\Users\saulo\OneDrive\Documentos\projetos\APP COND\externals\mobile\node_modules\@babel\parser\lib\index.js:10916:61)
    at TypeScriptParserMixin.parseExprOps (C:\Users\saulo\OneDrive\Documentos\projetos\APP COND\externals\mobile\node_modules\@babel\parser\lib\index.js:10921:23)
    at TypeScriptParserMixin.parseMaybeConditional (C:\Users\saulo\OneDrive\Documentos\projetos\APP COND\externals\mobile\node_modules\@babel\parser\lib\index.js:10898:23)
    at TypeScriptParserMixin.parseMaybeAssign (C:\Users\saulo\OneDrive\Documentos\projetos\APP COND\externals\mobile\node_modules\@babel\parser\lib\index.js:10848:21)
    at TypeScriptParserMixin.parseMaybeAssign (C:\Users\saulo\OneDrive\Documentos\projetos\APP COND\externals\mobile\node_modules\@babel\parser\lib\index.js:9803:20)
    at C:\Users\saulo\OneDrive\Documentos\projetos\APP COND\externals\mobile\node_modules\@babel\parser\lib\index.js:10817:39
    at TypeScriptParserMixin.allowInAnd (C:\Users\saulo\OneDrive\Documentos\projetos\APP COND\externals\mobile\node_modules\@babel\parser\lib\index.js:12443:12)
    at TypeScriptParserMixin.parseMaybeAssignAllowIn (C:\Users\saulo\OneDrive\Documentos\projetos\APP COND\externals\mobile\node_modules\@babel\parser\lib\index.js:10817:17)
    at TypeScriptParserMixin.parseMaybeAssignAllowInOrVoidPattern (C:\Users\saulo\OneDrive\Documentos\projetos\APP COND\externals\mobile\node_modules\@babel\parser\lib\index.js:12510:17)
    at TypeScriptParserMixin.parseObjectProperty (C:\Users\saulo\OneDrive\Documentos\projetos\APP COND\externals\mobile\node_modules\@babel\parser\lib\index.js:11967:83)
    at TypeScriptParserMixin.parseObjPropValue (C:\Users\saulo\OneDrive\Documentos\projetos\APP COND\externals\mobile\node_modules\@babel\parser\lib\index.js:11995:100)
    at TypeScriptParserMixin.parseObjPropValue (C:\Users\saulo\OneDrive\Documentos\projetos\APP COND\externals\mobile\node_modules\@babel\parser\lib\index.js:9761:18)
    at TypeScriptParserMixin.parsePropertyDefinition (C:\Users\saulo\OneDrive\Documentos\projetos\APP COND\externals\mobile\node_modules\@babel\parser\lib\index.js:11932:17)
    at TypeScriptParserMixin.parseObjectLike (C:\Users\saulo\OneDrive\Documentos\projetos\APP COND\externals\mobile\node_modules\@babel\parser\lib\index.js:11849:21)
    at TypeScriptParserMixin.parseExprAtom (C:\Users\saulo\OneDrive\Documentos\projetos\APP COND\externals\mobile\node_modules\@babel\parser\lib\index.js:11356:23)
    at TypeScriptParserMixin.parseExprAtom (C:\Users\saulo\OneDrive\Documentos\projetos\APP COND\externals\mobile\node_modules\@babel\parser\lib\index.js:4776:20)
    at TypeScriptParserMixin.parseExprSubscripts (C:\Users\saulo\OneDrive\Documentos\projetos\APP COND\externals\mobile\node_modules\@babel\parser\lib\index.js:11098:23)
    at TypeScriptParserMixin.parseUpdate (C:\Users\saulo\OneDrive\Documentos\projetos\APP COND\externals\mobile\node_modules\@babel\parser\lib\index.js:11083:21)
    at TypeScriptParserMixin.parseMaybeUnary (C:\Users\saulo\OneDrive\Documentos\projetos\APP COND\externals\mobile\node_modules\@babel\parser\lib\index.js:11063:23)
    at TypeScriptParserMixin.parseMaybeUnary (C:\Users\saulo\OneDrive\Documentos\projetos\APP COND\externals\mobile\node_modules\@babel\parser\lib\index.js:9854:18)
    at TypeScriptParserMixin.parseMaybeUnaryOrPrivate (C:\Users\saulo\OneDrive\Documentos\projetos\APP COND\externals\mobile\node_modules\@babel\parser\lib\index.js:10916:61)
    at TypeScriptParserMixin.parseExprOps (C:\Users\saulo\OneDrive\Documentos\projetos\APP COND\externals\mobile\node_modules\@babel\parser\lib\index.js:10921:23)
    at TypeScriptParserMixin.parseMaybeConditional (C:\Users\saulo\OneDrive\Documentos\projetos\APP COND\externals\mobile\node_modules\@babel\parser\lib\index.js:10898:23)
    at TypeScriptParserMixin.parseMaybeAssign (C:\Users\saulo\OneDrive\Documentos\projetos\APP COND\externals\mobile\node_modules\@babel\parser\lib\index.js:10848:21)
    at TypeScriptParserMixin.parseMaybeAssign (C:\Users\saulo\OneDrive\Documentos\projetos\APP COND\externals\mobile\node_modules\@babel\parser\lib\index.js:9803:20)
    at C:\Users\saulo\OneDrive\Documentos\projetos\APP COND\externals\mobile\node_modules\@babel\parser\lib\index.js:10817:39
    at TypeScriptParserMixin.allowInAnd (C:\Users\saulo\OneDrive\Documentos\projetos\APP COND\externals\mobile\node_modules\@babel\parser\lib\index.js:12443:12)
    at TypeScriptParserMixin.parseMaybeAssignAllowIn (C:\Users\saulo\OneDrive\Documentos\projetos\APP COND\externals\mobile\node_modules\@babel\parser\lib\index.js:10817:17)
    at TypeScriptParserMixin.parseMaybeAssignAllowInOrVoidPattern (C:\Users\saulo\OneDrive\Documentos\projetos\APP COND\externals\mobile\node_modules\@babel\parser\lib\index.js:12510:17)
    at TypeScriptParserMixin.parseExprListItem (C:\Users\saulo\OneDrive\Documentos\projetos\APP COND\externals\mobile\node_modules\@babel\parser\lib\index.js:12192:18)
    at TypeScriptParserMixin.parseCallExpressionArguments (C:\Users\saulo\OneDrive\Documentos\projetos\APP COND\externals\mobile\node_modules\@babel\parser\lib\index.js:11269:22)
    at TypeScriptParserMixin.parseCoverCallAndAsyncArrowHead (C:\Users\saulo\OneDrive\Documentos\projetos\APP COND\externals\mobile\node_modules\@babel\parser\lib\index.js:11203:29)
    at TypeScriptParserMixin.parseSubscript (C:\Users\saulo\OneDrive\Documentos\projetos\APP COND\externals\mobile\node_modules\@babel\parser\lib\index.js:11137:19)
    at TypeScriptParserMixin.parseSubscript (C:\Users\saulo\OneDrive\Documentos\projetos\APP COND\externals\mobile\node_modules\@babel\parser\lib\index.js:9289:18)
    at TypeScriptParserMixin.parseSubscripts (C:\Users\saulo\OneDrive\Documentos\projetos\APP COND\externals\mobile\node_modules\@babel\parser\lib\index.js:11111:19)
    at TypeScriptParserMixin.parseExprSubscripts (C:\Users\saulo\OneDrive\Documentos\projetos\APP COND\externals\mobile\node_modules\@babel\parser\lib\index.js:11102:17)
    at TypeScriptParserMixin.parseUpdate (C:\Users\saulo\OneDrive\Documentos\projetos\APP COND\externals\mobile\node_modules\@babel\parser\lib\index.js:11083:21)
    at TypeScriptParserMixin.parseMaybeUnary (C:\Users\saulo\OneDrive\Documentos\projetos\APP COND\externals\mobile\node_modules\@babel\parser\lib\index.js:11063:23)
    at TypeScriptParserMixin.parseMaybeUnary (C:\Users\saulo\OneDrive\Documentos\projetos\APP COND\externals\mobile\node_modules\@babel\parser\lib\index.js:9854:18)
Web node_modules\expo\AppEntry.js ░░░░░░░░░░░░░░░░  0.0% (0/1)
Web Bundled 58ms node_modules\expo\AppEntry.js (1 module)
 LOG  [web] Logs will appear in the browser console
Web node_modules\expo\AppEntry.js ░░░░░░░░░░░░░░░░  0.0% (0/1)
Web Bundled 60ms node_modules\expo\AppEntry.js (1 module)
 LOG  [web] Logs will appear in the browser console
Web node_modules\expo\AppEntry.js ░░░░░░░░░░░░░░░░  0.0% (0/1)
Web Bundled 43ms node_modules\expo\AppEntry.js (1 module)
 LOG  [web] Logs will appear in the browser console
Web node_modules\expo\AppEntry.js ░░░░░░░░░░░░░░░░  0.0% (0/1)
Web Bundled 58ms node_modules\expo\AppEntry.js (1 module)
 LOG  [web] Logs will appear in the browser console
Web node_modules\expo\AppEntry.js ░░░░░░░░░░░░░░░░  0.0% (0/1)
Web Bundled 62ms node_modules\expo\AppEntry.js (1 module)
 LOG  [web] Logs will appear in the browser console
Web node_modules\expo\AppEntry.js ░░░░░░░░░░░░░░░░  0.0% (0/1)
Web Bundled 63ms node_modules\expo\AppEntry.js (1 module)
 LOG  [web] Logs will appear in the browser console
Web node_modules\expo\AppEntry.js ░░░░░░░░░░░░░░░░  0.0% (0/1)
Web Bundled 54ms node_modules\expo\AppEntry.js (1 module)
 LOG  [web] Logs will appear in the browser console
Web node_modules\expo\AppEntry.js ░░░░░░░░░░░░░░░░  0.0% (0/1)
Web Bundled 52ms node_modules\expo\AppEntry.js (1 module)
 LOG  [web] Logs will appear in the browser console
Web node_modules\expo\AppEntry.js ░░░░░░░░░░░░░░░░  0.0% (0/1)
Web Bundled 55ms node_modules\expo\AppEntry.js (1 module)
 LOG  [web] Logs will appear in the browser console
Web node_modules\expo\AppEntry.js ░░░░░░░░░░░░░░░░  0.0% (0/1)
Web Bundled 53ms node_modules\expo\AppEntry.js (1 module)
 LOG  [web] Logs will appear in the browser console
Web node_modules\expo\AppEntry.js ░░░░░░░░░░░░░░░░  0.0% (0/1)
Web Bundled 56ms node_modules\expo\AppEntry.js (1 module)
 LOG  [web] Logs will appear in the browser console
Web node_modules\expo\AppEntry.js ░░░░░░░░░░░░░░░░  0.0% (0/1)
Web Bundled 56ms node_modules\expo\AppEntry.js (1 module)
 LOG  [web] Logs will appear in the browser console
Web node_modules\expo\AppEntry.js ░░░░░░░░░░░░░░░░  0.0% (0/1)
Web Bundled 170ms node_modules\expo\AppEntry.js (1 module)
 LOG  [web] Logs will appear in the browser console
Web node_modules\expo\AppEntry.js ░░░░░░░░░░░░░░░░  0.0% (0/1)
Web Bundled 60ms node_modules\expo\AppEntry.js (1 module)
 LOG  [web] Logs will appear in the browser console
Web node_modules\expo\AppEntry.js ░░░░░░░░░░░░░░░░  0.0% (0/1)
Web Bundled 53ms node_modules\expo\AppEntry.js (1 module)
 LOG  [web] Logs will appear in the browser console
