
> condominio-mobile@0.1.0 web
> expo start --web

env: load .env
env: export EXPO_PUBLIC_API_URL
Starting project at C:\Users\saulo\OneDrive\Documentos\projetos\APP COND\externals\mobile
Starting Metro Bundler
Waiting on http://localhost:8081
Logs for your project will appear below.
Web node_modules\expo\AppEntry.js ░░░░░░░░░░░░░░░░  0.0% (0/1)
Web node_modules\expo\AppEntry.js ░░░░░░░░░░░░░░░░  1.0% (1/1)
Web node_modules\expo\AppEntry.js ▓▓▓▓▓▓▓▓▓░░░░░░░ 58.5% (14/24)
Web node_modules\expo\AppEntry.js ▓▓▓▓▓▓▓▓▓▓░░░░░░ 63.9% (271/339)
Web node_modules\expo\AppEntry.js ▓▓▓▓▓▓▓▓▓▓▓▓▓▓▓░ 99.9% (469/469)
Web Bundled 15036ms node_modules\expo\AppEntry.js (469 modules)
 LOG  [web] Logs will appear in the browser console
Unable to resolve "../screens/BankIntegration" from "src\navigation\AppNavigator.tsx"
[0m [90m 10 |[39m [36mimport[39m [33mFinance[39m [36mfrom[39m [32m'../screens/Finance'[39m[33m;[39m
 [90m 11 |[39m [36mimport[39m [33mInvoices[39m [36mfrom[39m [32m'../screens/Invoices'[39m[33m;[39m
[31m[1m>[22m[39m[90m 12 |[39m [36mimport[39m [33mBankIntegration[39m [36mfrom[39m [32m'../screens/BankIntegration'[39m[33m;[39m
 [90m    |[39m                              [31m[1m^[22m[39m
 [90m 13 |[39m [36mimport[39m [33mUnitTypes[39m [36mfrom[39m [32m'../screens/UnitTypes'[39m[33m;[39m
 [90m 14 |[39m [36mimport[39m [33mBillingSettings[39m [36mfrom[39m [32m'../screens/BillingSettings'[39m[33m;[39m
 [90m 15 |[39m [36mimport[39m [33mUnits[39m [36mfrom[39m [32m'../screens/Units'[39m[33m;[39m[0m

Import stack:

 src\navigation\AppNavigator.tsx
 | import "../screens/BankIntegration"

 App.tsx
 | import "./src/navigation/AppNavigator"

 node_modules\expo\AppEntry.js
 | import "../../App"

 
 | import "./node_modules/expo/AppEntry"

Web node_modules\expo\AppEntry.js ░░░░░░░░░░░░░░░░  0.0% (0/1)
Web Bundled 73ms node_modules\expo\AppEntry.js (1 module)
 LOG  [web] Logs will appear in the browser console
Web node_modules\expo\AppEntry.js ░░░░░░░░░░░░░░░░  0.0% (0/1)
Web Bundled 440ms node_modules\expo\AppEntry.js (1 module)
 LOG  [web] Logs will appear in the browser console
